// Jest Snapshot v1, https://goo.gl/fbAQLP

exports[`bundlewatch Node API Throws validations error when using brotli compression without the package 1`] = `
ValidationError {
  "message": "'brotli-size' package has not been installed, please install package to use this compression type",
  "type": "ValidationError",
}
`;

exports[`bundlewatch Node API Works when files dont exist, shows warning 1`] = `
Object {
  "fullResults": Array [
    Object {
      "error": "There is no matching file for ./__testdata__/test-file-doesnt-exist.jpg",
      "filePath": "./__testdata__/test-file-doesnt-exist.jpg",
      "status": "fail",
    },
  ],
  "status": "fail",
  "summary": "maxSize check failed",
}
`;

exports[`bundlewatch Node API Works with CI environment 1`] = `
Object {
  "fullResults": Array [
    Object {
      "baseBranchSize": 25000,
      "filePath": "./__testdata__/test-file-1.jpg",
      "maxSize": 1048576,
      "message": "38.08KB < 1MB (13.67KB larger than mockBranchBase) (gzip)",
      "size": 38995,
      "status": "pass",
    },
    Object {
      "baseBranchSize": 0,
      "filePath": "./__testdata__/test-file-2.jpg",
      "maxSize": 1048576,
      "message": "248.5KB < 1MB (gzip)",
      "size": 254466,
      "status": "pass",
    },
    Object {
      "baseBranchSize": 10000,
      "filePath": "./__testdata__/test-file-deleted.jpg",
      "maxSize": 0,
      "message": "./__testdata__/test-file-deleted.jpg: File removed (9.77KB smaller than mockBranchBase) (gzip)",
      "size": 0,
      "status": "removed",
    },
  ],
  "status": "pass",
  "summary": "Everything is in check (+262.17KB, -9.77KB, +738.5%)",
}
`;

exports[`bundlewatch Node API Works with basic options 1`] = `
Object {
  "fullResults": Array [
    Object {
      "baseBranchSize": 0,
      "filePath": "./__testdata__/test-file-1.jpg",
      "maxSize": 102400,
      "message": "38.05KB < 100KB (no compression)",
      "size": 38962,
      "status": "pass",
    },
    Object {
      "baseBranchSize": 0,
      "filePath": "./__testdata__/test-file-2.jpg",
      "maxSize": 102400,
      "message": "248.79KB > 100KB (no compression)",
      "size": 254765,
      "status": "fail",
    },
  ],
  "status": "fail",
  "summary": "maxSize check failed",
}
`;
