// Jest Snapshot v1, https://goo.gl/fbAQLP

exports[`bundlewatch Node API Works when files dont exist, shows warning 1`] = `
Object {
  "fullResults": Array [
    Object {
      "error": "There is no matching file for ./__testdata__/test-file-doesnt-exist.jpg",
      "filePath": "./__testdata__/test-file-doesnt-exist.jpg",
      "status": "fail",
    },
  ],
  "status": "fail",
  "summary": "maxSize check failed",
}
`;

exports[`bundlewatch Node API Works with CI environment 1`] = `
Object {
  "fullResults": Array [
    Object {
      "baseBranchSize": 25000,
      "filePath": "./__testdata__/test-file-1.jpg",
      "maxSize": 1048576,
      "message": "30.9KB < 1MB (6.49KB larger than mockBranchBase) (gzip)",
      "size": 31642,
      "status": "pass",
    },
    Object {
      "baseBranchSize": 0,
      "filePath": "./__testdata__/test-file-2.jpg",
      "maxSize": 1048576,
      "message": "199.74KB < 1MB (gzip)",
      "size": 204532,
      "status": "pass",
    },
    Object {
      "baseBranchSize": 10000,
      "filePath": "./__testdata__/test-file-deleted.jpg",
      "maxSize": 0,
      "message": "./__testdata__/test-file-deleted.jpg: File removed (9.77KB smaller than mockBranchBase) (gzip)",
      "size": 0,
      "status": "removed",
    },
  ],
  "status": "pass",
  "summary": "Everything is in check (+206.22KB, -9.77KB)",
}
`;

exports[`bundlewatch Node API Works with basic options 1`] = `
Object {
  "fullResults": Array [
    Object {
      "baseBranchSize": 0,
      "filePath": "./__testdata__/test-file-1.jpg",
      "maxSize": 102400,
      "message": "70.54KB < 100KB (no compression)",
      "size": 72236,
      "status": "pass",
    },
    Object {
      "baseBranchSize": 0,
      "filePath": "./__testdata__/test-file-2.jpg",
      "maxSize": 102400,
      "message": "460.75KB > 100KB (no compression)",
      "size": 471803,
      "status": "fail",
    },
  ],
  "status": "fail",
  "summary": "maxSize check failed",
}
`;
